// Vitest Snapshot v1, https://vitest.dev/guide/snapshot.html

exports[`useUserStore > imports without error 1`] = `[Function]`;
